******************************************************************************
                  TI ARM Linker Unix v20.2.7                   
******************************************************************************
>> Linked Tue Nov 21 15:53:39 2023

OUTPUT FILE NAME:   <Stopwatch_final.out>
ENTRY POINT SYMBOL: "_c_int00_noargs"  address: 000026c9


MEMORY CONFIGURATION

         name            origin    length      used     unused   attr    fill
----------------------  --------  ---------  --------  --------  ----  --------
  FLASH                 00000000   00040000  0000297e  0003d682  R  X
  SRAM                  20000000   00008000  00004071  00003f8f  RW X


SEGMENT ALLOCATION MAP

run origin  load origin   length   init length attrs members
----------  ----------- ---------- ----------- ----- -------
00000000    00000000    00002980   00002980    r-x
  00000000    00000000    0000026c   0000026c    r-- .intvecs
  0000026c    0000026c    00002598   00002598    r-x .text
  00002804    00002804    0000012a   0000012a    r-- .const
  00002930    00002930    00000050   00000050    r-- .cinit
20000000    20000000    00004071   00000000    rw-
  20000000    20000000    00004000   00000000    rw- .stack
  20004000    20004000    0000006c   00000000    rw- .data
  2000406c    2000406c    00000005   00000000    rw- .bss


SECTION ALLOCATION MAP

 output                                  attributes/
section   page    origin      length       input sections
--------  ----  ----------  ----------   ----------------
.intvecs   0    00000000    0000026c     
                  00000000    0000026c     tm4c123gh6pm_startup_ccs.obj (.intvecs)

.text      0    0000026c    00002598     
                  0000026c    00000a4e     rtsv7M4_T_le_v4SPD16_eabi.lib : _printfi.c.obj (.text:__TI_printfi)
                  00000cba    00000002                                   : div0.asm.obj (.text)
                  00000cbc    00000778     main.obj (.text)
                  00001434    00000270     rtsv7M4_T_le_v4SPD16_eabi.lib : _printfi.c.obj (.text:_pconv_a)
                  000016a4    000001d0                                   : _printfi.c.obj (.text:_pconv_g)
                  00001874    000001b6                                   : fd_add_t2.asm.obj (.text)
                  00001a2a    00000002     --HOLE-- [fill = 0]
                  00001a2c    0000013c                                   : _printfi.c.obj (.text:_pconv_e)
                  00001b68    00000136                                   : fd_div_t2.asm.obj (.text)
                  00001c9e    00000002     --HOLE-- [fill = 0]
                  00001ca0    00000124                                   : _printfi.c.obj (.text:fcvt)
                  00001dc4    00000110                                   : s_scalbn.c.obj (.text:scalbn)
                  00001ed4    000000fc                                   : fd_mul_t2.asm.obj (.text)
                  00001fd0    000000b1                                   : _printfi.c.obj (.text:_ltostr)
                  00002081    00000001     --HOLE-- [fill = 0]
                  00002082    0000009c                                   : memcpy_t2.asm.obj (.text)
                  0000211e    00000096                                   : ull_div_t2.asm.obj (.text)
                  000021b4    00000086                                   : fd_cmp_t2.asm.obj (.text:__aeabi_cdcmple)
                  0000223a    00000086                                   : fd_cmp_t2.asm.obj (.text:__aeabi_cdrcmple)
                  000022c0    0000007a                                   : memset_t2.asm.obj (.text)
                  0000233a    0000006e                                   : _printfi.c.obj (.text:_mcpy)
                  000023a8    00000068                                   : copy_decompress_lzss.c.obj (.text:decompress:lzss:__TI_decompress_lzss)
                  00002410    00000064                                   : s_frexp.c.obj (.text:frexp)
                  00002474    00000056                                   : _printfi.c.obj (.text:_pconv_f)
                  000024ca    00000054                                   : _ltoa.c.obj (.text:__TI_ltoa)
                  0000251e    00000052                                   : _printfi.c.obj (.text:_ecpy)
                  00002570    0000004c                                   : atoi.c.obj (.text:atoi)
                  000025bc    00000048                                   : fd_toi_t2.asm.obj (.text)
                  00002604    00000044                                   : autoinit.c.obj (.text:__TI_auto_init_nobinit_nopinit:__TI_auto_init_nobinit_nopinit)
                  00002648    00000040                                   : sprintf.c.obj (.text:sprintf)
                  00002688    0000003e                                   : _printfi.c.obj (.text:_fcpy)
                  000026c6    00000002     --HOLE-- [fill = 0]
                  000026c8    00000034                                   : boot_cortex_m.c.obj (.text:_c_int00_noargs:_c_int00_noargs)
                  000026fc    0000002e                                   : i_tofd_t2.asm.obj (.text)
                  0000272a    0000001c                                   : copy_zero_init.c.obj (.text:decompress:ZI:__TI_zero_init_nomemset:__TI_zero_init_nomemset)
                  00002746    0000001c                                   : memccpy.c.obj (.text:memccpy)
                  00002762    0000001a                                   : s_copysign.c.obj (.text:copysign)
                  0000277c    00000018                                   : sprintf.c.obj (.text:_outs)
                  00002794    00000016                                   : strchr.c.obj (.text:strchr)
                  000027aa    00000014                                   : strlen.c.obj (.text:strlen)
                  000027be    00000012                                   : wcslen.c.obj (.text:wcslen)
                  000027d0    0000000e                                   : copy_decompress_none.c.obj (.text:decompress:none:__TI_decompress_none)
                  000027de    0000000c     tm4c123gh6pm_startup_ccs.obj (.text)
                  000027ea    0000000a     rtsv7M4_T_le_v4SPD16_eabi.lib : sprintf.c.obj (.text:_outc)
                  000027f4    00000008                                   : errno.c.obj (.text:__aeabi_errno_addr)
                  000027fc    00000004                                   : pre_init.c.obj (.text:_system_pre_init)
                  00002800    00000004                                   : exit.c.obj (.text:abort:abort)

.const     0    00002804    0000012a     
                  00002804    00000101     rtsv7M4_T_le_v4SPD16_eabi.lib : ctype.c.obj (.const:.string:_ctypes_)
                  00002905    00000003     --HOLE-- [fill = 0]
                  00002908    00000026     main.obj (.const:.string)

.cinit     0    00002930    00000050     
                  00002930    00000025     (.cinit..data.load) [load image, compression = lzss]
                  00002955    00000003     --HOLE-- [fill = 0]
                  00002958    0000000c     (__TI_handler_table)
                  00002964    00000004     --HOLE-- [fill = 0]
                  00002968    00000008     (.cinit..bss.load) [load image, compression = zero_init]
                  00002970    00000010     (__TI_cinit_table)

.init_array 
*          0    00000000    00000000     UNINITIALIZED

.data      0    20004000    0000006c     UNINITIALIZED
                  20004000    00000040     main.obj (.data)
                  20004040    00000028     main.obj (.data:timestamps)
                  20004068    00000004     rtsv7M4_T_le_v4SPD16_eabi.lib : errno.c.obj (.data)

.bss       0    2000406c    00000005     UNINITIALIZED
                  2000406c    00000004     (.common:current_laptime)
                  20004070    00000001     (.common:Buffer)

.stack     0    20000000    00004000     UNINITIALIZED
                  20000000    00000004     rtsv7M4_T_le_v4SPD16_eabi.lib : boot_cortex_m.c.obj (.stack)
                  20000004    00003ffc     --HOLE--

__llvm_prf_cnts 
*          0    20000000    00000000     UNINITIALIZED

MODULE SUMMARY

       Module                         code   ro data   rw data
       ------                         ----   -------   -------
    ./
       main.obj                       1912   38        109    
       tm4c123gh6pm_startup_ccs.obj   12     620       0      
    +--+------------------------------+------+---------+---------+
       Total:                         1924   658       109    
                                                              
    /home/tanish/ti/ccs1240/ccs/tools/compiler/ti-cgt-arm_20.2.7.LTS/lib/rtsv7M4_T_le_v4SPD16_eabi.lib
       _printfi.c.obj                 4851   0         0      
       fd_add_t2.asm.obj              438    0         0      
       fd_div_t2.asm.obj              310    0         0      
       s_scalbn.c.obj                 272    0         0      
       fd_cmp_t2.asm.obj              268    0         0      
       ctype.c.obj                    0      257       0      
       fd_mul_t2.asm.obj              252    0         0      
       memcpy_t2.asm.obj              156    0         0      
       ull_div_t2.asm.obj             150    0         0      
       memset_t2.asm.obj              122    0         0      
       copy_decompress_lzss.c.obj     104    0         0      
       s_frexp.c.obj                  100    0         0      
       sprintf.c.obj                  98     0         0      
       _ltoa.c.obj                    84     0         0      
       atoi.c.obj                     76     0         0      
       fd_toi_t2.asm.obj              72     0         0      
       autoinit.c.obj                 68     0         0      
       boot_cortex_m.c.obj            52     0         0      
       i_tofd_t2.asm.obj              46     0         0      
       copy_zero_init.c.obj           28     0         0      
       memccpy.c.obj                  28     0         0      
       s_copysign.c.obj               26     0         0      
       strchr.c.obj                   22     0         0      
       strlen.c.obj                   20     0         0      
       wcslen.c.obj                   18     0         0      
       copy_decompress_none.c.obj     14     0         0      
       errno.c.obj                    8      0         4      
       exit.c.obj                     4      0         0      
       pre_init.c.obj                 4      0         0      
       div0.asm.obj                   2      0         0      
    +--+------------------------------+------+---------+---------+
       Total:                         7693   257       4      
                                                              
       Stack:                         0      0         16384  
       Linker Generated:              0      73        0      
    +--+------------------------------+------+---------+---------+
       Grand Total:                   9617   988       16497  


LINKER GENERATED COPY TABLES

__TI_cinit_table @ 00002970 records: 2, size/record: 8, table size: 16
	.data: load addr=00002930, load size=00000025 bytes, run addr=20004000, run size=0000006c bytes, compression=lzss
	.bss: load addr=00002968, load size=00000008 bytes, run addr=2000406c, run size=00000005 bytes, compression=zero_init


LINKER GENERATED HANDLER TABLE

__TI_handler_table @ 00002958 records: 3, size/record: 4, table size: 12
	index: 0, handler: __TI_decompress_lzss
	index: 1, handler: __TI_decompress_none
	index: 2, handler: __TI_zero_init


GLOBAL SYMBOLS: SORTED ALPHABETICALLY BY Name 

address   name                          
-------   ----                          
20004070  Buffer                        
00002801  C$$EXIT                       
00000e8d  GPIO_PortF_Handler            
000027df  ResetISR                      
00000d63  SysTickHandler                
00000cbd  UART_Init                     
0000113d  UART_Interrupt_Handler        
00000d29  UART_Transmit                 
20004000  __STACK_END                   
00004000  __STACK_SIZE                  
20000200  __STACK_TOP                   
00002970  __TI_CINIT_Base               
00002980  __TI_CINIT_Limit              
00002958  __TI_Handler_Table_Base       
00002964  __TI_Handler_Table_Limit      
00002605  __TI_auto_init_nobinit_nopinit
000023a9  __TI_decompress_lzss          
000027d1  __TI_decompress_none          
000024cb  __TI_ltoa                     
ffffffff  __TI_pprof_out_hndl           
0000026d  __TI_printfi                  
ffffffff  __TI_prof_data_size           
ffffffff  __TI_prof_data_start          
00000000  __TI_static_base__            
0000272b  __TI_zero_init_nomemset       
000021b5  __aeabi_cdcmpeq               
000021b5  __aeabi_cdcmple               
0000223b  __aeabi_cdrcmple              
000025bd  __aeabi_d2iz                  
0000187f  __aeabi_dadd                  
00001b69  __aeabi_ddiv                  
00001ed5  __aeabi_dmul                  
00001875  __aeabi_dsub                  
000027f5  __aeabi_errno_addr            
000026fd  __aeabi_i2d                   
00000cbb  __aeabi_idiv0                 
00000cbb  __aeabi_ldiv0                 
000022c1  __aeabi_memclr                
000022c1  __aeabi_memclr4               
000022c1  __aeabi_memclr8               
00002083  __aeabi_memcpy                
00002083  __aeabi_memcpy4               
00002083  __aeabi_memcpy8               
000022c3  __aeabi_memset                
000022c3  __aeabi_memset4               
000022c3  __aeabi_memset8               
0000211f  __aeabi_uldivmod              
ffffffff  __binit__                     
ffffffff  __c_args__                    
UNDEFED   __mpu_init                    
20000000  __stack                       
20000000  __start___llvm_prf_cnts       
20000000  __stop___llvm_prf_cnts        
000026c9  _c_int00_noargs               
00002804  _ctypes_                      
UNDEFED   _system_post_cinit            
000027fd  _system_pre_init              
00002801  abort                         
00002571  atoi                          
ffffffff  binit                         
00002763  copysign                      
00002763  copysignl                     
2000406c  current_laptime               
2000401c  current_laptime_word          
2000400c  current_time_word             
20004034  ds_string                     
20004001  enable_status                 
20004068  errno                         
00002411  frexp                         
00002411  frexpl                        
00000000  g_pfnVectors                  
20004000  lap_count                     
20004004  lap_number_word               
00001dc5  ldexp                         
00001dc5  ldexpl                        
00001205  main                          
00002747  memccpy                       
00002083  memcpy                        
000022c9  memset                        
2000402c  ms_string                     
20004024  null_string                   
20004020  orig_current_laptime_word     
20004010  orig_current_time_word        
20004038  orig_ds_string                
20004008  orig_lap_number_word          
20004030  orig_ms_string                
20004028  orig_null_string              
20004018  orig_time_pressed_at_word     
00001dc5  scalbn                        
00001dc5  scalbnl                       
00002649  sprintf                       
00002795  strchr                        
000027ab  strlen                        
2000403c  time_count                    
20004014  time_pressed_at_word          
20004040  timestamps                    
000027bf  wcslen                        


GLOBAL SYMBOLS: SORTED BY Symbol Address 

address   name                          
-------   ----                          
00000000  __TI_static_base__            
00000000  g_pfnVectors                  
0000026d  __TI_printfi                  
00000cbb  __aeabi_idiv0                 
00000cbb  __aeabi_ldiv0                 
00000cbd  UART_Init                     
00000d29  UART_Transmit                 
00000d63  SysTickHandler                
00000e8d  GPIO_PortF_Handler            
0000113d  UART_Interrupt_Handler        
00001205  main                          
00001875  __aeabi_dsub                  
0000187f  __aeabi_dadd                  
00001b69  __aeabi_ddiv                  
00001dc5  ldexp                         
00001dc5  ldexpl                        
00001dc5  scalbn                        
00001dc5  scalbnl                       
00001ed5  __aeabi_dmul                  
00002083  __aeabi_memcpy                
00002083  __aeabi_memcpy4               
00002083  __aeabi_memcpy8               
00002083  memcpy                        
0000211f  __aeabi_uldivmod              
000021b5  __aeabi_cdcmpeq               
000021b5  __aeabi_cdcmple               
0000223b  __aeabi_cdrcmple              
000022c1  __aeabi_memclr                
000022c1  __aeabi_memclr4               
000022c1  __aeabi_memclr8               
000022c3  __aeabi_memset                
000022c3  __aeabi_memset4               
000022c3  __aeabi_memset8               
000022c9  memset                        
000023a9  __TI_decompress_lzss          
00002411  frexp                         
00002411  frexpl                        
000024cb  __TI_ltoa                     
00002571  atoi                          
000025bd  __aeabi_d2iz                  
00002605  __TI_auto_init_nobinit_nopinit
00002649  sprintf                       
000026c9  _c_int00_noargs               
000026fd  __aeabi_i2d                   
0000272b  __TI_zero_init_nomemset       
00002747  memccpy                       
00002763  copysign                      
00002763  copysignl                     
00002795  strchr                        
000027ab  strlen                        
000027bf  wcslen                        
000027d1  __TI_decompress_none          
000027df  ResetISR                      
000027f5  __aeabi_errno_addr            
000027fd  _system_pre_init              
00002801  C$$EXIT                       
00002801  abort                         
00002804  _ctypes_                      
00002958  __TI_Handler_Table_Base       
00002964  __TI_Handler_Table_Limit      
00002970  __TI_CINIT_Base               
00002980  __TI_CINIT_Limit              
00004000  __STACK_SIZE                  
20000000  __stack                       
20000000  __start___llvm_prf_cnts       
20000000  __stop___llvm_prf_cnts        
20000200  __STACK_TOP                   
20004000  __STACK_END                   
20004000  lap_count                     
20004001  enable_status                 
20004004  lap_number_word               
20004008  orig_lap_number_word          
2000400c  current_time_word             
20004010  orig_current_time_word        
20004014  time_pressed_at_word          
20004018  orig_time_pressed_at_word     
2000401c  current_laptime_word          
20004020  orig_current_laptime_word     
20004024  null_string                   
20004028  orig_null_string              
2000402c  ms_string                     
20004030  orig_ms_string                
20004034  ds_string                     
20004038  orig_ds_string                
2000403c  time_count                    
20004040  timestamps                    
20004068  errno                         
2000406c  current_laptime               
20004070  Buffer                        
ffffffff  __TI_pprof_out_hndl           
ffffffff  __TI_prof_data_size           
ffffffff  __TI_prof_data_start          
ffffffff  __binit__                     
ffffffff  __c_args__                    
ffffffff  binit                         
UNDEFED   __mpu_init                    
UNDEFED   _system_post_cinit            

[97 symbols]
